Running 20 monkey test trials (5 x 4 phases)...
======================================================================

--- Phase: DEFAULT constraints ---
  Trial  1: 24pt, 2off, blank=None, 4F [obs_tr] -> FAIL (stage=relax_breaks_and_duties, v=2)
    SHIFT-ECHO: slot 14, 豬・㍽ echo=12:40-14:10 outside shift 09:00-14:00
  Trial  2: 24pt, 4off, blank=AUTO, 8F [obs_tr] -> OK (stage=strict, v=0)
  Trial  3: 25pt, 2off, blank=9, 4F [obs_tr,lunch] -> OK (stage=strict, v=0)
  Trial  4: 25pt, 3off, blank=12, 9F -> FAIL (stage=relax_breaks_and_duties, v=1)
    SHIFT-ECHO: slot 10, 荳ｭ驥・echo=12:30-13:05 outside shift 09:00-13:00
  Trial  5: 24pt, 2off, blank=None, 5F -> OK (stage=relax_breaks_and_duties, v=1)

--- Phase: RANDOM constraints ---
  Trial  6: 24pt, 2off, blank=AUTO, 3F ecg=5/4, order=N [fix=1,adj=1,obs_tr,halfday] -> OK (stage=strict, v=3)
